// Jest Snapshot v1, https://goo.gl/fbAQLP

exports[`check when all string are translated 1`] = `""`;
